{"patientFullName":"Mr Admission Test","ED No":"ED141086221","patientBirthDate":"19850101","Hosp No":"R067052","Address":"Add1,Add2, SO16 7NP","Investigations":"No investigations recorded","Working Diagnosis":"Other specified in comment*test please ignore","Referrals":"No referrals recorded","Outcome":"Admit Kings - Brunel","Comments for GP":"TEST PLEASE IGNORE"}