{"Ward":"The Friends Stroke Unit","Hospital Number":"P000171","patientNHSNo":"055535678","patientFullName":"Epr, Testfive","Consultant":"Luff, Robin H","patientBirthDate":"19241105","Speciality":"Rehabilitation","Date of Admission":"13-Apr-2003","Discharged by":"Menika Seegoolam","Date of Discharge":"16-Feb-2011","Role / Bleep":"Clinical Analyst / 5007","Discharge Address":"Usual Residence","GP":"Terry, KJ"}